#-----------------------------------------------------------
# Webtalk v2017.2 (64-bit)
# SW Build 1909853 on Thu Jun 15 18:39:09 MDT 2017
# IP Build 1909766 on Thu Jun 15 19:58:00 MDT 2017
# Start of session at: Wed Jul 20 09:04:31 2022
# Process ID: 7956
# Current directory: C:/Users/leona/OneDrive/rea de Trabalho/UnB/2022.1/Prtica de Eletrnica Digital 1/Projetos Vivado/Trabalho1/detector_prior/detector_prior.sim/sim_1/behav
# Command line: wbtcv.exe -mode batch -source C:/Users/leona/OneDrive/rea de Trabalho/UnB/2022.1/Prtica de Eletrnica Digital 1/Projetos Vivado/Trabalho1/detector_prior/detector_prior.sim/sim_1/behav/xsim.dir/detector_prioridade_behav/webtalk/xsim_webtalk.tcl -notrace
# Log file: C:/Users/leona/OneDrive/rea de Trabalho/UnB/2022.1/Prtica de Eletrnica Digital 1/Projetos Vivado/Trabalho1/detector_prior/detector_prior.sim/sim_1/behav/webtalk.log
# Journal file: C:/Users/leona/OneDrive/rea de Trabalho/UnB/2022.1/Prtica de Eletrnica Digital 1/Projetos Vivado/Trabalho1/detector_prior/detector_prior.sim/sim_1/behav\webtalk.jou
#-----------------------------------------------------------
source C:/Users/leona/OneDrive/rea -notrace
