#-----------------------------------------------------------
# Vivado v2017.2 (64-bit)
# SW Build 1909853 on Thu Jun 15 18:39:09 MDT 2017
# IP Build 1909766 on Thu Jun 15 19:58:00 MDT 2017
# Start of session at: Wed Jul 20 20:04:07 2022
# Process ID: 8084
# Current directory: C:/Users/leona/OneDrive/rea de Trabalho/UnB/2022.1/Prtica de Eletrnica Digital 1/Projetos Vivado/Trabalho1/detector_prior/detector_prior.runs/impl_1
# Command line: vivado.exe -log detector_prioridade.vdi -applog -product Vivado -messageDb vivado.pb -mode batch -source detector_prioridade.tcl -notrace
# Log file: C:/Users/leona/OneDrive/rea de Trabalho/UnB/2022.1/Prtica de Eletrnica Digital 1/Projetos Vivado/Trabalho1/detector_prior/detector_prior.runs/impl_1/detector_prioridade.vdi
# Journal file: C:/Users/leona/OneDrive/rea de Trabalho/UnB/2022.1/Prtica de Eletrnica Digital 1/Projetos Vivado/Trabalho1/detector_prior/detector_prior.runs/impl_1\vivado.jou
#-----------------------------------------------------------
source detector_prioridade.tcl -notrace
